{"timestamp":"09/08/2026, 09:34:59 am","level":"INFO","message":"MongoDB Connected"}
{"timestamp":"09/08/2026, 09:34:59 am","level":"INFO","message":"Server started successfully"}
{"timestamp":"09/08/2026, 09:35:21 am","level":"INFO","message":"MongoDB Connected"}
{"timestamp":"09/08/2026, 09:35:21 am","level":"INFO","message":"Server started successfully"}
{"timestamp":"09/08/2026, 09:35:24 am","level":"INFO","message":"MongoDB Connected"}
{"timestamp":"09/08/2026, 09:35:25 am","level":"INFO","message":"Server started successfully"}
{"timestamp":"09/08/2026, 09:39:10 am","level":"INFO","message":"MongoDB Connected"}
{"timestamp":"09/08/2026, 09:39:10 am","level":"INFO","message":"Server started successfully"}
{"timestamp":"09/08/2026, 09:42:40 am","level":"INFO","message":"MongoDB Connected"}
{"timestamp":"09/08/2026, 09:42:40 am","level":"INFO","message":"Server started successfully"}
{"timestamp":"09/08/2026, 07:32:36 pm","level":"INFO","message":"MongoDB Connected"}
{"timestamp":"09/08/2026, 07:32:36 pm","level":"INFO","message":"Server started successfully"}
{"timestamp":"09/08/2026, 07:33:14 pm","level":"INFO","message":"MongoDB Connected"}
{"timestamp":"09/08/2026, 07:33:14 pm","level":"INFO","message":"Server started successfully"}
{"timestamp":"09/08/2026, 07:33:26 pm","level":"INFO","message":"MongoDB Connected"}
{"timestamp":"09/08/2026, 07:33:26 pm","level":"INFO","message":"Server started successfully"}
{"timestamp":"09/08/2026, 07:33:31 pm","level":"INFO","message":"MongoDB Connected"}
{"timestamp":"09/08/2026, 07:33:31 pm","level":"INFO","message":"Server started successfully"}
{"timestamp":"09/08/2026, 07:34:06 pm","level":"INFO","message":"MongoDB Connected"}
{"timestamp":"09/08/2026, 07:34:06 pm","level":"INFO","message":"Server started successfully"}
{"timestamp":"09/08/2026, 07:37:17 pm","level":"INFO","message":"MongoDB Connected"}
{"timestamp":"09/08/2026, 07:37:17 pm","level":"INFO","message":"Server started successfully"}
{"timestamp":"09/08/2026, 07:37:29 pm","level":"INFO","message":"MongoDB Connected"}
{"timestamp":"09/08/2026, 07:37:29 pm","level":"INFO","message":"Server started successfully"}
{"timestamp":"09/08/2026, 07:40:47 pm","level":"INFO","message":"MongoDB Connected"}
{"timestamp":"09/08/2026, 07:40:47 pm","level":"INFO","message":"Server started successfully"}
{"timestamp":"09/08/2026, 07:40:57 pm","level":"INFO","message":"MongoDB Connected"}
{"timestamp":"09/08/2026, 07:40:57 pm","level":"INFO","message":"Server started successfully"}
{"timestamp":"09/08/2026, 07:43:19 pm","level":"INFO","message":"MongoDB Connected"}
{"timestamp":"09/08/2026, 07:43:19 pm","level":"INFO","message":"Server started successfully"}
{"timestamp":"09/08/2026, 07:43:35 pm","level":"INFO","message":"MongoDB Connected"}
{"timestamp":"09/08/2026, 07:43:35 pm","level":"INFO","message":"Server started successfully"}
{"timestamp":"09/08/2026, 07:45:27 pm","level":"INFO","message":"MongoDB Connected"}
{"timestamp":"09/08/2026, 07:45:27 pm","level":"INFO","message":"Server started successfully"}
{"timestamp":"09/08/2026, 07:45:33 pm","level":"INFO","message":"MongoDB Connected"}
{"timestamp":"09/08/2026, 07:45:33 pm","level":"INFO","message":"Server started successfully"}
{"timestamp":"09/08/2026, 07:46:12 pm","level":"INFO","message":"MongoDB Connected"}
{"timestamp":"09/08/2026, 07:46:12 pm","level":"INFO","message":"Server started successfully"}
{"timestamp":"09/08/2026, 07:46:17 pm","level":"INFO","message":"MongoDB Connected"}
{"timestamp":"09/08/2026, 07:46:17 pm","level":"INFO","message":"Server started successfully"}
{"timestamp":"09/08/2026, 07:46:26 pm","level":"INFO","message":"MongoDB Connected"}
{"timestamp":"09/08/2026, 07:46:27 pm","level":"INFO","message":"Server started successfully"}
{"timestamp":"09/08/2026, 07:46:34 pm","level":"INFO","message":"MongoDB Connected"}
{"timestamp":"09/08/2026, 07:46:35 pm","level":"INFO","message":"Server started successfully"}
{"timestamp":"09/08/2026, 07:46:56 pm","level":"INFO","message":"MongoDB Connected"}
{"timestamp":"09/08/2026, 07:46:56 pm","level":"INFO","message":"Server started successfully"}
{"timestamp":"09/08/2026, 07:47:25 pm","level":"INFO","message":"MongoDB Connected"}
{"timestamp":"09/08/2026, 07:47:25 pm","level":"INFO","message":"Server started successfully"}
{"timestamp":"09/08/2026, 07:47:44 pm","level":"INFO","message":"MongoDB Connected"}
{"timestamp":"09/08/2026, 07:47:44 pm","level":"INFO","message":"Server started successfully"}
{"timestamp":"09/08/2026, 07:47:55 pm","level":"INFO","message":"MongoDB Connected"}
{"timestamp":"09/08/2026, 07:47:55 pm","level":"INFO","message":"Server started successfully"}
{"timestamp":"09/08/2026, 07:48:17 pm","level":"INFO","message":"MongoDB Connected"}
{"timestamp":"09/08/2026, 07:48:17 pm","level":"INFO","message":"Server started successfully"}
{"timestamp":"09/08/2026, 07:48:28 pm","level":"INFO","message":"MongoDB Connected"}
{"timestamp":"09/08/2026, 07:48:28 pm","level":"INFO","message":"Server started successfully"}
{"timestamp":"09/08/2026, 07:48:36 pm","level":"INFO","message":"MongoDB Connected"}
{"timestamp":"09/08/2026, 07:48:37 pm","level":"INFO","message":"Server started successfully"}
{"timestamp":"09/08/2026, 07:48:51 pm","level":"INFO","message":"MongoDB Connected"}
{"timestamp":"09/08/2026, 07:48:52 pm","level":"INFO","message":"Server started successfully"}
{"timestamp":"09/08/2026, 07:49:02 pm","level":"INFO","message":"MongoDB Connected"}
{"timestamp":"09/08/2026, 07:49:02 pm","level":"INFO","message":"Server started successfully"}
{"timestamp":"09/08/2026, 07:49:17 pm","level":"INFO","message":"MongoDB Connected"}
{"timestamp":"09/08/2026, 07:49:17 pm","level":"INFO","message":"Server started successfully"}
{"timestamp":"09/08/2026, 07:49:36 pm","level":"INFO","message":"MongoDB Connected"}
{"timestamp":"09/08/2026, 07:49:36 pm","level":"INFO","message":"Server started successfully"}
{"timestamp":"09/08/2026, 07:49:53 pm","level":"INFO","message":"MongoDB Connected"}
{"timestamp":"09/08/2026, 07:49:53 pm","level":"INFO","message":"Server started successfully"}
{"timestamp":"09/08/2026, 07:50:09 pm","level":"INFO","message":"MongoDB Connected"}
{"timestamp":"09/08/2026, 07:50:09 pm","level":"INFO","message":"Server started successfully"}
{"timestamp":"09/08/2026, 07:50:26 pm","level":"INFO","message":"MongoDB Connected"}
{"timestamp":"09/08/2026, 07:50:26 pm","level":"INFO","message":"Server started successfully"}
{"timestamp":"09/08/2026, 07:50:43 pm","level":"INFO","message":"MongoDB Connected"}
{"timestamp":"09/08/2026, 07:50:43 pm","level":"INFO","message":"Server started successfully"}
{"timestamp":"09/08/2026, 07:50:51 pm","level":"INFO","message":"MongoDB Connected"}
{"timestamp":"09/08/2026, 07:50:51 pm","level":"INFO","message":"Server started successfully"}
{"timestamp":"09/08/2026, 07:51:10 pm","level":"INFO","message":"MongoDB Connected"}
{"timestamp":"09/08/2026, 07:51:10 pm","level":"INFO","message":"Server started successfully"}
{"timestamp":"09/08/2026, 07:51:18 pm","level":"INFO","message":"MongoDB Connected"}
{"timestamp":"09/08/2026, 07:51:18 pm","level":"INFO","message":"Server started successfully"}
{"timestamp":"09/08/2026, 07:51:25 pm","level":"INFO","message":"MongoDB Connected"}
{"timestamp":"09/08/2026, 07:51:25 pm","level":"INFO","message":"Server started successfully"}
{"timestamp":"09/08/2026, 07:51:35 pm","level":"INFO","message":"MongoDB Connected"}
{"timestamp":"09/08/2026, 07:51:35 pm","level":"INFO","message":"Server started successfully"}
{"timestamp":"09/08/2026, 08:39:05 pm","level":"INFO","message":"MongoDB Connected"}
{"timestamp":"09/08/2026, 08:39:05 pm","level":"INFO","message":"Server started successfully"}
{"timestamp":"09/08/2026, 08:39:30 pm","level":"INFO","message":"MongoDB Connected"}
{"timestamp":"09/08/2026, 08:39:30 pm","level":"INFO","message":"Server started successfully"}
{"timestamp":"09/08/2026, 08:40:41 pm","level":"INFO","message":"MongoDB Connected"}
{"timestamp":"09/08/2026, 08:40:41 pm","level":"INFO","message":"Server started successfully"}
{"timestamp":"09/08/2026, 08:40:58 pm","level":"INFO","message":"MongoDB Connected"}
{"timestamp":"09/08/2026, 08:40:58 pm","level":"INFO","message":"Server started successfully"}
{"timestamp":"09/08/2026, 08:41:05 pm","level":"INFO","message":"MongoDB Connected"}
{"timestamp":"09/08/2026, 08:41:05 pm","level":"INFO","message":"Server started successfully"}
{"timestamp":"09/08/2026, 08:41:56 pm","level":"INFO","message":"MongoDB Connected"}
{"timestamp":"09/08/2026, 08:41:56 pm","level":"INFO","message":"Server started successfully"}
{"timestamp":"09/08/2026, 08:42:33 pm","level":"INFO","message":"MongoDB Connected"}
{"timestamp":"09/08/2026, 08:42:33 pm","level":"INFO","message":"Server started successfully"}
{"timestamp":"09/08/2026, 08:42:59 pm","level":"INFO","message":"MongoDB Connected"}
{"timestamp":"09/08/2026, 08:42:59 pm","level":"INFO","message":"Server started successfully"}
{"timestamp":"09/08/2026, 08:43:22 pm","level":"INFO","message":"MongoDB Connected"}
{"timestamp":"09/08/2026, 08:43:22 pm","level":"INFO","message":"Server started successfully"}
{"timestamp":"09/08/2026, 08:43:33 pm","level":"INFO","message":"MongoDB Connected"}
{"timestamp":"09/08/2026, 08:43:33 pm","level":"INFO","message":"Server started successfully"}
{"timestamp":"09/08/2026, 08:43:49 pm","level":"INFO","message":"MongoDB Connected"}
{"timestamp":"09/08/2026, 08:43:49 pm","level":"INFO","message":"Server started successfully"}
{"timestamp":"09/08/2026, 08:44:14 pm","level":"INFO","message":"MongoDB Connected"}
{"timestamp":"09/08/2026, 08:44:14 pm","level":"INFO","message":"Server started successfully"}
{"timestamp":"09/08/2026, 08:44:25 pm","level":"INFO","message":"MongoDB Connected"}
{"timestamp":"09/08/2026, 08:44:25 pm","level":"INFO","message":"Server started successfully"}
{"timestamp":"09/08/2026, 08:44:59 pm","level":"INFO","message":"MongoDB Connected"}
{"timestamp":"09/08/2026, 08:44:59 pm","level":"INFO","message":"Server started successfully"}
{"timestamp":"09/08/2026, 08:46:06 pm","level":"INFO","message":"MongoDB Connected"}
{"timestamp":"09/08/2026, 08:46:06 pm","level":"INFO","message":"Server started successfully"}
{"timestamp":"09/08/2026, 08:46:17 pm","level":"INFO","message":"MongoDB Connected"}
{"timestamp":"09/08/2026, 08:46:17 pm","level":"INFO","message":"Server started successfully"}
{"timestamp":"09/08/2026, 08:46:46 pm","level":"INFO","message":"MongoDB Connected"}
{"timestamp":"09/08/2026, 08:46:46 pm","level":"INFO","message":"Server started successfully"}
{"timestamp":"09/08/2026, 08:47:06 pm","level":"INFO","message":"MongoDB Connected"}
{"timestamp":"09/08/2026, 08:47:06 pm","level":"INFO","message":"Server started successfully"}
{"timestamp":"09/08/2026, 08:47:41 pm","level":"INFO","message":"MongoDB Connected"}
{"timestamp":"09/08/2026, 08:47:41 pm","level":"INFO","message":"Server started successfully"}
{"timestamp":"09/08/2026, 08:48:17 pm","level":"INFO","message":"MongoDB Connected"}
{"timestamp":"09/08/2026, 08:48:17 pm","level":"INFO","message":"Server started successfully"}
{"timestamp":"09/08/2026, 08:48:48 pm","level":"INFO","message":"MongoDB Connected"}
{"timestamp":"09/08/2026, 08:48:48 pm","level":"INFO","message":"Server started successfully"}
{"timestamp":"09/08/2026, 08:48:54 pm","level":"INFO","message":"MongoDB Connected"}
{"timestamp":"09/08/2026, 08:48:54 pm","level":"INFO","message":"Server started successfully"}
{"timestamp":"09/08/2026, 08:49:20 pm","level":"INFO","message":"MongoDB Connected"}
{"timestamp":"09/08/2026, 08:49:20 pm","level":"INFO","message":"Server started successfully"}
{"timestamp":"09/08/2026, 08:49:27 pm","level":"INFO","message":"MongoDB Connected"}
{"timestamp":"09/08/2026, 08:49:27 pm","level":"INFO","message":"Server started successfully"}
{"timestamp":"09/08/2026, 08:50:54 pm","level":"INFO","message":"MongoDB Connected"}
{"timestamp":"09/08/2026, 08:50:54 pm","level":"INFO","message":"Server started successfully"}
{"timestamp":"09/08/2026, 09:01:49 pm","level":"INFO","message":"MongoDB Connected"}
{"timestamp":"09/08/2026, 09:01:49 pm","level":"INFO","message":"Server started successfully"}
{"timestamp":"09/08/2026, 09:12:21 pm","level":"INFO","message":"MongoDB Connected"}
{"timestamp":"09/08/2026, 09:12:21 pm","level":"INFO","message":"Server started successfully"}
{"timestamp":"09/08/2026, 09:14:53 pm","level":"INFO","message":"MongoDB Connected"}
{"timestamp":"09/08/2026, 09:14:53 pm","level":"INFO","message":"Server started successfully"}
{"timestamp":"09/08/2026, 09:15:13 pm","level":"INFO","message":"MongoDB Connected"}
{"timestamp":"09/08/2026, 09:15:13 pm","level":"INFO","message":"Server started successfully"}
{"timestamp":"09/08/2026, 09:24:05 pm","level":"INFO","message":"MongoDB Connected"}
{"timestamp":"09/08/2026, 09:24:05 pm","level":"INFO","message":"Server started successfully"}
{"timestamp":"09/08/2026, 09:24:38 pm","level":"INFO","message":"MongoDB Connected"}
{"timestamp":"09/08/2026, 09:24:38 pm","level":"INFO","message":"Server started successfully"}
{"timestamp":"09/08/2026, 09:26:07 pm","level":"INFO","message":"MongoDB Connected"}
{"timestamp":"09/08/2026, 09:26:07 pm","level":"INFO","message":"Server started successfully"}
{"timestamp":"09/08/2026, 09:27:44 pm","level":"INFO","message":"MongoDB Connected"}
{"timestamp":"09/08/2026, 09:27:44 pm","level":"INFO","message":"Server started successfully"}
{"timestamp":"09/08/2026, 09:28:07 pm","level":"INFO","message":"MongoDB Connected"}
{"timestamp":"09/08/2026, 09:28:07 pm","level":"INFO","message":"Server started successfully"}
{"timestamp":"09/08/2026, 09:30:33 pm","level":"INFO","message":"MongoDB Connected"}
{"timestamp":"09/08/2026, 09:30:33 pm","level":"INFO","message":"Server started successfully"}
{"timestamp":"09/08/2026, 09:30:42 pm","level":"INFO","message":"MongoDB Connected"}
{"timestamp":"09/08/2026, 09:30:42 pm","level":"INFO","message":"Server started successfully"}
{"timestamp":"09/08/2026, 09:34:22 pm","level":"INFO","message":"MongoDB Connected"}
{"timestamp":"09/08/2026, 09:34:22 pm","level":"INFO","message":"Server started successfully"}
{"timestamp":"10/08/2026, 07:37:03 pm","level":"INFO","message":"MongoDB Connected"}
{"timestamp":"10/08/2026, 07:37:03 pm","level":"INFO","message":"Server started successfully"}
{"timestamp":"10/08/2026, 07:37:18 pm","level":"INFO","message":"MongoDB Connected"}
{"timestamp":"10/08/2026, 07:37:18 pm","level":"INFO","message":"Server started successfully"}
{"timestamp":"10/08/2026, 07:39:22 pm","level":"INFO","message":"[Auth Router] POST /api/v1/auth/register - IP: ::1"}
{"timestamp":"10/08/2026, 07:39:22 pm","level":"INFO","message":"[Auth Router] Executing Register route handler"}
{"timestamp":"10/08/2026, 07:40:55 pm","level":"INFO","message":"MongoDB Connected"}
{"timestamp":"10/08/2026, 07:40:55 pm","level":"INFO","message":"Server started successfully"}
{"timestamp":"10/08/2026, 07:42:43 pm","level":"INFO","message":"MongoDB Connected"}
{"timestamp":"10/08/2026, 07:42:43 pm","level":"INFO","message":"Server started successfully"}
{"timestamp":"10/08/2026, 07:42:59 pm","level":"INFO","message":"MongoDB Connected"}
{"timestamp":"10/08/2026, 07:42:59 pm","level":"INFO","message":"Server started successfully"}
{"timestamp":"10/08/2026, 07:44:09 pm","level":"INFO","message":"[Auth Router] POST /api/v1/auth/login - IP: ::1"}
{"timestamp":"10/08/2026, 07:44:09 pm","level":"INFO","message":"[Auth Router] Executing Login route handler"}
{"timestamp":"10/08/2026, 07:44:51 pm","level":"INFO","message":"MongoDB Connected"}
{"timestamp":"10/08/2026, 07:44:51 pm","level":"INFO","message":"Server started successfully"}
{"timestamp":"10/08/2026, 07:44:57 pm","level":"INFO","message":"[Auth Router] POST /api/v1/auth/login - IP: ::1"}
{"timestamp":"10/08/2026, 07:44:57 pm","level":"INFO","message":"[Auth Router] Executing Login route handler"}
{"timestamp":"10/08/2026, 07:44:57 pm","level":"ERROR","message":{}}
{"timestamp":"10/08/2026, 07:46:06 pm","level":"INFO","message":"MongoDB Connected"}
{"timestamp":"10/08/2026, 07:46:06 pm","level":"INFO","message":"Server started successfully"}
{"timestamp":"10/08/2026, 07:46:18 pm","level":"INFO","message":"MongoDB Connected"}
{"timestamp":"10/08/2026, 07:46:18 pm","level":"INFO","message":"Server started successfully"}
{"timestamp":"10/08/2026, 07:46:25 pm","level":"INFO","message":"[Auth Router] POST /api/v1/auth/login - IP: ::1"}
{"timestamp":"10/08/2026, 07:46:25 pm","level":"INFO","message":"[Auth Router] Executing Login route handler"}
{"timestamp":"10/08/2026, 07:46:25 pm","level":"ERROR","message":{"errors":{"lastName":{"name":"ValidatorError","message":"Path `lastName` is required.","properties":{"message":"Path `lastName` is required.","type":"required","path":"lastName"},"kind":"required","path":"lastName"},"firstName":{"name":"ValidatorError","message":"Path `firstName` is required.","properties":{"message":"Path `firstName` is required.","type":"required","path":"firstName"},"kind":"required","path":"firstName"},"phone":{"name":"ValidatorError","message":"Path `phone` is required.","properties":{"message":"Path `phone` is required.","type":"required","path":"phone","value":"","length":0},"kind":"required","path":"phone","value":""}},"_message":"User validation failed","name":"ValidationError","message":"User validation failed: lastName: Path `lastName` is required., firstName: Path `firstName` is required., phone: Path `phone` is required."}}
{"timestamp":"10/08/2026, 07:47:28 pm","level":"INFO","message":"MongoDB Connected"}
{"timestamp":"10/08/2026, 07:47:28 pm","level":"INFO","message":"Server started successfully"}
{"timestamp":"10/08/2026, 07:47:38 pm","level":"INFO","message":"[Auth Router] POST /api/v1/auth/login - IP: ::1"}
{"timestamp":"10/08/2026, 07:47:38 pm","level":"INFO","message":"[Auth Router] Executing Login route handler"}
{"timestamp":"10/08/2026, 07:47:38 pm","level":"ERROR","message":{"errors":{"lastName":{"name":"ValidatorError","message":"Path `lastName` is required.","properties":{"message":"Path `lastName` is required.","type":"required","path":"lastName"},"kind":"required","path":"lastName"},"firstName":{"name":"ValidatorError","message":"Path `firstName` is required.","properties":{"message":"Path `firstName` is required.","type":"required","path":"firstName"},"kind":"required","path":"firstName"},"phone":{"name":"ValidatorError","message":"Path `phone` is required.","properties":{"message":"Path `phone` is required.","type":"required","path":"phone","value":"","length":0},"kind":"required","path":"phone","value":""}},"_message":"User validation failed","name":"ValidationError","message":"User validation failed: lastName: Path `lastName` is required., firstName: Path `firstName` is required., phone: Path `phone` is required."}}
{"timestamp":"10/08/2026, 07:50:28 pm","level":"INFO","message":"MongoDB Connected"}
{"timestamp":"10/08/2026, 07:50:28 pm","level":"INFO","message":"Server started successfully"}
{"timestamp":"10/08/2026, 07:50:52 pm","level":"INFO","message":"MongoDB Connected"}
{"timestamp":"10/08/2026, 07:50:52 pm","level":"INFO","message":"Server started successfully"}
{"timestamp":"10/08/2026, 07:50:55 pm","level":"INFO","message":"[Auth Router] POST /api/v1/auth/login - IP: ::1"}
{"timestamp":"10/08/2026, 07:50:55 pm","level":"INFO","message":"[Auth Router] Executing Login route handler"}
{"timestamp":"10/08/2026, 07:50:57 pm","level":"ERROR","message":{}}
{"timestamp":"10/08/2026, 07:52:28 pm","level":"INFO","message":"MongoDB Connected"}
{"timestamp":"10/08/2026, 07:52:28 pm","level":"INFO","message":"Server started successfully"}
{"timestamp":"10/08/2026, 07:52:33 pm","level":"INFO","message":"[Auth Router] POST /api/v1/auth/login - IP: ::1"}
{"timestamp":"10/08/2026, 07:52:33 pm","level":"INFO","message":"[Auth Router] Executing Login route handler"}
{"timestamp":"10/08/2026, 07:52:34 pm","level":"ERROR","message":{}}
{"timestamp":"10/08/2026, 07:53:26 pm","level":"INFO","message":"[Auth Router] POST /api/v1/auth/login - IP: ::1"}
{"timestamp":"10/08/2026, 07:53:26 pm","level":"INFO","message":"[Auth Router] Executing Login route handler"}
{"timestamp":"10/08/2026, 07:53:27 pm","level":"ERROR","message":{}}
{"timestamp":"10/08/2026, 07:56:52 pm","level":"INFO","message":"MongoDB Connected"}
{"timestamp":"10/08/2026, 07:56:52 pm","level":"INFO","message":"Server started successfully"}
{"timestamp":"10/08/2026, 07:57:13 pm","level":"INFO","message":"[Auth Router] POST /api/v1/auth/login - IP: ::1"}
{"timestamp":"10/08/2026, 07:57:13 pm","level":"INFO","message":"[Auth Router] Executing Login route handler"}
{"timestamp":"10/08/2026, 07:57:14 pm","level":"ERROR","message":{}}
{"timestamp":"10/08/2026, 07:59:55 pm","level":"INFO","message":"MongoDB Connected"}
{"timestamp":"10/08/2026, 07:59:55 pm","level":"INFO","message":"Server started successfully"}
{"timestamp":"10/08/2026, 07:59:56 pm","level":"INFO","message":"[Auth Router] POST /api/v1/auth/login - IP: ::1"}
{"timestamp":"10/08/2026, 07:59:56 pm","level":"INFO","message":"[Auth Router] Executing Login route handler"}
{"timestamp":"10/08/2026, 07:59:57 pm","level":"ERROR","message":{}}
{"timestamp":"10/08/2026, 08:00:55 pm","level":"INFO","message":"MongoDB Connected"}
{"timestamp":"10/08/2026, 08:00:55 pm","level":"INFO","message":"Server started successfully"}
{"timestamp":"10/08/2026, 08:01:11 pm","level":"INFO","message":"MongoDB Connected"}
{"timestamp":"10/08/2026, 08:01:11 pm","level":"INFO","message":"Server started successfully"}
{"timestamp":"10/08/2026, 08:01:34 pm","level":"INFO","message":"[Auth Router] POST /api/v1/auth/login - IP: ::1"}
{"timestamp":"10/08/2026, 08:01:34 pm","level":"INFO","message":"[Auth Router] Executing Login route handler"}
{"timestamp":"10/08/2026, 08:01:34 pm","level":"ERROR","message":{"statusCode":401,"errors":[],"success":false,"timestamp":"10/08/2026, 08:01:34 pm"}}
{"timestamp":"10/08/2026, 08:02:26 pm","level":"INFO","message":"MongoDB Connected"}
{"timestamp":"10/08/2026, 08:02:26 pm","level":"INFO","message":"Server started successfully"}
{"timestamp":"10/08/2026, 08:02:59 pm","level":"INFO","message":"MongoDB Connected"}
{"timestamp":"10/08/2026, 08:02:59 pm","level":"INFO","message":"Server started successfully"}
{"timestamp":"10/08/2026, 08:07:35 pm","level":"ERROR","message":"bad auth : Authentication failed."}
{"timestamp":"10/08/2026, 08:08:05 pm","level":"ERROR","message":"bad auth : Authentication failed."}
{"timestamp":"10/08/2026, 08:08:44 pm","level":"ERROR","message":"bad auth : Authentication failed."}
{"timestamp":"10/08/2026, 08:09:34 pm","level":"ERROR","message":"bad auth : Authentication failed."}
{"timestamp":"10/08/2026, 08:12:31 pm","level":"ERROR","message":"bad auth : Authentication failed."}
{"timestamp":"10/08/2026, 08:13:00 pm","level":"ERROR","message":"bad auth : Authentication failed."}
{"timestamp":"10/08/2026, 08:20:20 pm","level":"ERROR","message":"bad auth : Authentication failed."}
{"timestamp":"10/08/2026, 08:20:38 pm","level":"ERROR","message":"bad auth : Authentication failed."}
{"timestamp":"10/08/2026, 08:23:16 pm","level":"ERROR","message":"bad auth : Authentication failed."}
{"timestamp":"10/08/2026, 08:24:52 pm","level":"ERROR","message":"bad auth : Authentication failed."}
{"timestamp":"10/08/2026, 08:25:46 pm","level":"ERROR","message":"bad auth : Authentication failed."}
{"timestamp":"10/08/2026, 08:28:42 pm","level":"ERROR","message":"bad auth : Authentication failed."}
{"timestamp":"10/08/2026, 08:34:49 pm","level":"ERROR","message":"bad auth : Authentication failed."}
{"timestamp":"10/08/2026, 08:35:11 pm","level":"ERROR","message":"bad auth : Authentication failed."}
{"timestamp":"10/08/2026, 08:37:45 pm","level":"ERROR","message":"bad auth : Authentication failed."}
{"timestamp":"10/08/2026, 08:38:47 pm","level":"INFO","message":"MongoDB Connected"}
{"timestamp":"10/08/2026, 08:38:47 pm","level":"INFO","message":"Server started successfully"}
{"timestamp":"10/08/2026, 08:38:53 pm","level":"INFO","message":"[Auth Router] POST /api/v1/auth/register - IP: ::1"}
{"timestamp":"10/08/2026, 08:38:53 pm","level":"INFO","message":"[Auth Router] Executing Register route handler"}
{"timestamp":"10/08/2026, 08:38:54 pm","level":"ERROR","message":{"statusCode":400,"errors":[],"success":false,"timestamp":"10/08/2026, 08:38:54 pm"}}
{"timestamp":"10/08/2026, 08:39:06 pm","level":"INFO","message":"[Auth Router] POST /api/v1/auth/register - IP: ::1"}
{"timestamp":"10/08/2026, 08:39:06 pm","level":"INFO","message":"[Auth Router] Executing Register route handler"}
{"timestamp":"10/08/2026, 08:39:06 pm","level":"ERROR","message":{}}
{"timestamp":"10/08/2026, 08:41:25 pm","level":"INFO","message":"MongoDB Connected"}
{"timestamp":"10/08/2026, 08:41:25 pm","level":"INFO","message":"Server started successfully"}
{"timestamp":"10/08/2026, 08:41:28 pm","level":"INFO","message":"[Auth Router] POST /api/v1/auth/register - IP: ::1"}
{"timestamp":"10/08/2026, 08:41:28 pm","level":"INFO","message":"[Auth Router] Executing Register route handler"}
{"timestamp":"10/08/2026, 08:41:40 pm","level":"INFO","message":"MongoDB Connected"}
{"timestamp":"10/08/2026, 08:41:40 pm","level":"INFO","message":"Server started successfully"}
{"timestamp":"10/08/2026, 09:00:35 pm","level":"INFO","message":"MongoDB Connected"}
{"timestamp":"10/08/2026, 09:00:35 pm","level":"INFO","message":"Server started successfully"}
{"timestamp":"11/08/2026, 07:31:40 pm","level":"INFO","message":"MongoDB Connected"}
{"timestamp":"11/08/2026, 07:31:40 pm","level":"INFO","message":"Server started successfully"}
{"timestamp":"11/08/2026, 07:32:31 pm","level":"INFO","message":"[Auth Router] POST /api/v1/auth/register - IP: ::1"}
{"timestamp":"11/08/2026, 07:32:31 pm","level":"INFO","message":"[Auth Router] Executing Register route handler"}
{"timestamp":"11/08/2026, 07:33:04 pm","level":"INFO","message":"[Auth Router] POST /api/v1/auth/login - IP: ::1"}
{"timestamp":"11/08/2026, 07:43:01 pm","level":"INFO","message":"MongoDB Connected"}
{"timestamp":"11/08/2026, 07:43:01 pm","level":"INFO","message":"Server started successfully"}
{"timestamp":"11/08/2026, 07:44:00 pm","level":"INFO","message":"[Auth Router] POST /api/v1/auth/register - IP: ::1"}
{"timestamp":"11/08/2026, 07:44:00 pm","level":"INFO","message":"[Auth Router] Executing Register route handler"}
{"timestamp":"11/08/2026, 07:44:00 pm","level":"ERROR","message":{"statusCode":400,"errors":[],"success":false,"timestamp":"11/08/2026, 07:44:00 pm"}}
{"timestamp":"11/08/2026, 07:44:05 pm","level":"INFO","message":"[Auth Router] POST /api/v1/auth/login - IP: ::1"}
{"timestamp":"11/08/2026, 07:44:05 pm","level":"INFO","message":"[Auth Router] Executing login route handler"}
{"timestamp":"11/08/2026, 07:44:05 pm","level":"ERROR","message":{"statusCode":400,"errors":[],"success":false,"timestamp":"11/08/2026, 07:44:05 pm"}}
{"timestamp":"11/08/2026, 07:44:32 pm","level":"INFO","message":"[Auth Router] POST /api/v1/auth/login - IP: ::1"}
{"timestamp":"11/08/2026, 07:44:32 pm","level":"INFO","message":"[Auth Router] Executing login route handler"}
{"timestamp":"11/08/2026, 07:44:33 pm","level":"ERROR","message":{}}
{"timestamp":"11/08/2026, 07:48:41 pm","level":"INFO","message":"MongoDB Connected"}
{"timestamp":"11/08/2026, 07:48:41 pm","level":"INFO","message":"Server started successfully"}
{"timestamp":"11/08/2026, 07:48:45 pm","level":"INFO","message":"MongoDB Connected"}
{"timestamp":"11/08/2026, 07:48:45 pm","level":"INFO","message":"Server started successfully"}
{"timestamp":"11/08/2026, 07:48:54 pm","level":"INFO","message":"MongoDB Connected"}
{"timestamp":"11/08/2026, 07:48:54 pm","level":"INFO","message":"Server started successfully"}
{"timestamp":"11/08/2026, 07:49:03 pm","level":"INFO","message":"MongoDB Connected"}
{"timestamp":"11/08/2026, 07:49:03 pm","level":"INFO","message":"Server started successfully"}
{"timestamp":"11/08/2026, 07:49:13 pm","level":"INFO","message":"[Auth Router] POST /api/v1/auth/login - IP: ::1"}
{"timestamp":"11/08/2026, 07:49:13 pm","level":"INFO","message":"[Auth Router] Executing login route handler"}
{"timestamp":"11/08/2026, 07:49:14 pm","level":"ERROR","message":{}}
{"timestamp":"11/08/2026, 07:51:43 pm","level":"INFO","message":"MongoDB Connected"}
{"timestamp":"11/08/2026, 07:51:43 pm","level":"INFO","message":"Server started successfully"}
{"timestamp":"11/08/2026, 07:52:26 pm","level":"INFO","message":"MongoDB Connected"}
{"timestamp":"11/08/2026, 07:52:26 pm","level":"INFO","message":"Server started successfully"}
{"timestamp":"11/08/2026, 07:53:28 pm","level":"INFO","message":"MongoDB Connected"}
{"timestamp":"11/08/2026, 07:53:28 pm","level":"INFO","message":"Server started successfully"}
{"timestamp":"11/08/2026, 07:54:42 pm","level":"INFO","message":"[Auth Router] POST /api/v1/auth/login - IP: ::1"}
{"timestamp":"11/08/2026, 07:54:42 pm","level":"INFO","message":"[Auth Router] Executing login route handler"}
{"timestamp":"11/08/2026, 07:54:43 pm","level":"ERROR","message":{}}
{"timestamp":"11/08/2026, 07:56:12 pm","level":"INFO","message":"MongoDB Connected"}
{"timestamp":"11/08/2026, 07:56:12 pm","level":"INFO","message":"Server started successfully"}
{"timestamp":"11/08/2026, 07:56:16 pm","level":"INFO","message":"[Auth Router] POST /api/v1/auth/login - IP: ::1"}
{"timestamp":"11/08/2026, 07:56:16 pm","level":"INFO","message":"[Auth Router] Executing login route handler"}
{"timestamp":"11/08/2026, 07:56:17 pm","level":"ERROR","message":{}}
{"timestamp":"11/08/2026, 07:57:52 pm","level":"INFO","message":"MongoDB Connected"}
{"timestamp":"11/08/2026, 07:57:52 pm","level":"INFO","message":"Server started successfully"}
{"timestamp":"11/08/2026, 07:58:35 pm","level":"INFO","message":"MongoDB Connected"}
{"timestamp":"11/08/2026, 07:58:35 pm","level":"INFO","message":"Server started successfully"}
{"timestamp":"11/08/2026, 08:02:57 pm","level":"INFO","message":"[Auth Router] POST /api/v1/auth/login - IP: ::1"}
{"timestamp":"11/08/2026, 08:02:57 pm","level":"INFO","message":"[Auth Router] Executing login route handler"}
{"timestamp":"11/08/2026, 08:02:58 pm","level":"ERROR","message":{}}
{"timestamp":"11/08/2026, 08:03:00 pm","level":"INFO","message":"[Auth Router] POST /api/v1/auth/login - IP: ::1"}
{"timestamp":"11/08/2026, 08:03:00 pm","level":"INFO","message":"[Auth Router] Executing login route handler"}
{"timestamp":"11/08/2026, 08:03:01 pm","level":"ERROR","message":{}}
{"timestamp":"11/08/2026, 08:03:34 pm","level":"INFO","message":"[Auth Router] POST /api/v1/auth/login - IP: ::1"}
{"timestamp":"11/08/2026, 08:03:34 pm","level":"INFO","message":"[Auth Router] Executing login route handler"}
{"timestamp":"11/08/2026, 08:03:35 pm","level":"ERROR","message":{}}
{"timestamp":"11/08/2026, 08:32:41 pm","level":"INFO","message":"MongoDB Connected"}
{"timestamp":"11/08/2026, 08:32:41 pm","level":"INFO","message":"Server started successfully"}
{"timestamp":"11/08/2026, 08:32:44 pm","level":"INFO","message":"[Auth Router] POST /api/v1/auth/login - IP: ::1"}
{"timestamp":"11/08/2026, 08:32:44 pm","level":"INFO","message":"[Auth Router] Executing login route handler"}
{"timestamp":"11/08/2026, 08:32:45 pm","level":"ERROR","message":{}}
